
> vibe-generated-app@1.0.0 dev
> vite


  VITE v5.4.20  ready in 280 ms

  ➜  Local:   http://localhost:3000/
  ➜  Network: http://172.20.2.96:3000/
2:19:49 AM [vite] Pre-transform error: Transform failed with 1 error:
/home/workspace/src/components/Contact.jsx:81:121: ERROR: Expected ">" but found "+"
2:19:51 AM [vite] Internal server error: Transform failed with 1 error:
/home/workspace/src/components/Contact.jsx:81:121: ERROR: Expected ">" but found "+"
  Plugin: vite:esbuild
  File: /home/workspace/src/components/Contact.jsx:81:121
  
  Expected ">" but found "+"
  79 |  
  80 |        {toast && (
  81 |          <div className="fixed bottom-6 left-1/2 -translate-x-1/2 rounded-full px-4 py-2 text-sm backdrop-blur-md border "+(toast.type==='error'? 'border-red-500/40 text-red-200 bg-red-500/10' : toast.type==='success'? 'border-green-500/40 text-green-200 bg-green-500/10' : 'border-white/20 text-white bg-white/10')}>{toast.text}</div>
     |                                                                                                                           ^
  82 |        )}
  83 |      </SectionGrid>
  
      at failureErrorWithLog (/home/workspace/node_modules/esbuild/lib/main.js:1472:15)
      at /home/workspace/node_modules/esbuild/lib/main.js:755:50
      at responseCallbacks.<computed> (/home/workspace/node_modules/esbuild/lib/main.js:622:9)
      at handleIncomingPacket (/home/workspace/node_modules/esbuild/lib/main.js:677:12)
      at Socket.readFromStdout (/home/workspace/node_modules/esbuild/lib/main.js:600:7)
      at Socket.emit (node:events:508:28)
      at addChunk (node:internal/streams/readable:559:12)
      at readableAddChunkPushByteMode (node:internal/streams/readable:510:3)
      at Readable.push (node:internal/streams/readable:390:5)
      at Pipe.onStreamRead (node:internal/stream_base_commons:189:23)
2:20:19 AM [vite] Internal server error: Transform failed with 1 error:
/home/workspace/src/components/Contact.jsx:81:121: ERROR: Expected ">" but found "+"
  Plugin: vite:esbuild
  File: /home/workspace/src/components/Contact.jsx:81:121
  
  Expected ">" but found "+"
  79 |  
  80 |        {toast && (
  81 |          <div className="fixed bottom-6 left-1/2 -translate-x-1/2 rounded-full px-4 py-2 text-sm backdrop-blur-md border "+(toast.type==='error'? 'border-red-500/40 text-red-200 bg-red-500/10' : toast.type==='success'? 'border-green-500/40 text-green-200 bg-green-500/10' : 'border-white/20 text-white bg-white/10')}>{toast.text}</div>
     |                                                                                                                           ^
  82 |        )}
  83 |      </SectionGrid>
  
      at failureErrorWithLog (/home/workspace/node_modules/esbuild/lib/main.js:1472:15)
      at /home/workspace/node_modules/esbuild/lib/main.js:755:50
      at responseCallbacks.<computed> (/home/workspace/node_modules/esbuild/lib/main.js:622:9)
      at handleIncomingPacket (/home/workspace/node_modules/esbuild/lib/main.js:677:12)
      at Socket.readFromStdout (/home/workspace/node_modules/esbuild/lib/main.js:600:7)
      at Socket.emit (node:events:508:28)
      at addChunk (node:internal/streams/readable:559:12)
      at readableAddChunkPushByteMode (node:internal/streams/readable:510:3)
      at Readable.push (node:internal/streams/readable:390:5)
      at Pipe.onStreamRead (node:internal/stream_base_commons:189:23)
2:20:31 AM [vite] Internal server error: Transform failed with 1 error:
/home/workspace/src/components/Contact.jsx:81:121: ERROR: Expected ">" but found "+"
  Plugin: vite:esbuild
  File: /home/workspace/src/components/Contact.jsx:81:121
  
  Expected ">" but found "+"
  79 |  
  80 |        {toast && (
  81 |          <div className="fixed bottom-6 left-1/2 -translate-x-1/2 rounded-full px-4 py-2 text-sm backdrop-blur-md border "+(toast.type==='error'? 'border-red-500/40 text-red-200 bg-red-500/10' : toast.type==='success'? 'border-green-500/40 text-green-200 bg-green-500/10' : 'border-white/20 text-white bg-white/10')}>{toast.text}</div>
     |                                                                                                                           ^
  82 |        )}
  83 |      </SectionGrid>
  
      at failureErrorWithLog (/home/workspace/node_modules/esbuild/lib/main.js:1472:15)
      at /home/workspace/node_modules/esbuild/lib/main.js:755:50
      at responseCallbacks.<computed> (/home/workspace/node_modules/esbuild/lib/main.js:622:9)
      at handleIncomingPacket (/home/workspace/node_modules/esbuild/lib/main.js:677:12)
      at Socket.readFromStdout (/home/workspace/node_modules/esbuild/lib/main.js:600:7)
      at Socket.emit (node:events:508:28)
      at addChunk (node:internal/streams/readable:559:12)
      at readableAddChunkPushByteMode (node:internal/streams/readable:510:3)
      at Readable.push (node:internal/streams/readable:390:5)
      at Pipe.onStreamRead (node:internal/stream_base_commons:189:23)
2:20:58 AM [vite] Internal server error: Transform failed with 1 error:
/home/workspace/src/components/Contact.jsx:81:121: ERROR: Expected ">" but found "+"
  Plugin: vite:esbuild
  File: /home/workspace/src/components/Contact.jsx:81:121
  
  Expected ">" but found "+"
  79 |  
  80 |        {toast && (
  81 |          <div className="fixed bottom-6 left-1/2 -translate-x-1/2 rounded-full px-4 py-2 text-sm backdrop-blur-md border "+(toast.type==='error'? 'border-red-500/40 text-red-200 bg-red-500/10' : toast.type==='success'? 'border-green-500/40 text-green-200 bg-green-500/10' : 'border-white/20 text-white bg-white/10')}>{toast.text}</div>
     |                                                                                                                           ^
  82 |        )}
  83 |      </SectionGrid>
  
      at failureErrorWithLog (/home/workspace/node_modules/esbuild/lib/main.js:1472:15)
      at /home/workspace/node_modules/esbuild/lib/main.js:755:50
      at responseCallbacks.<computed> (/home/workspace/node_modules/esbuild/lib/main.js:622:9)
      at handleIncomingPacket (/home/workspace/node_modules/esbuild/lib/main.js:677:12)
      at Socket.readFromStdout (/home/workspace/node_modules/esbuild/lib/main.js:600:7)
      at Socket.emit (node:events:508:28)
      at addChunk (node:internal/streams/readable:559:12)
      at readableAddChunkPushByteMode (node:internal/streams/readable:510:3)
      at Readable.push (node:internal/streams/readable:390:5)
      at Pipe.onStreamRead (node:internal/stream_base_commons:189:23)
